[2J[0;0H[0m



[1m[30C[34mษออออออออออออออออออ[0;34mป
[1;37m[30C[34mบ  [37mTHANK YOU!!!!!  [0;34mบ
[1;37m[30C[34mศ[0;34mออออออออออออออออออผ

[1;37m[19C[32m.... for filling out all the information.
[37m[18C[32mCarry on and enjoy the BBS! Any suggestions
[37m[19C[32mor comments may be forwarded to the sysop
[37m[22C[32mWe look forward to hearing from you!

[0m