[?7h[40m[2J[22C[0;1;30m-[0m=[1;30m-[0m=[1;30m-[0m=[1;30m-[0m=[1;30m-[0m=[1;30m-[0m=[1;30m-[0m=[1;30m-[0m=[1;30m-[0m=[1;30m-[0m=[1;30m-[0m=[1;30m-[0m=[1;30m-[0m=[1;30m-[0m=[1;30m-[0m=[1;30m-[0m=[1;30m-[0m=[1;30m-[s
[u[0m=[1;30m-[0m=[1;30m-[0m=[1;30m-[0m=[1;30m-[0m=[1;30m-[0m=[1;30m-[0m=[1;30m-[2;1H [35mú   [37mú[16C[0;34m [D[10C[1;30m [D [D[0m [D [1;30mShady Back Alley [0m [D[1;30m [D [D[13C[0;34m [D  [1;37mú[3;1H  ú[s
[u[6CÜÛ[33mÛÜ[9C[30m-[0m=[1;30m-[0m=[1;30m-[0m=[1;30m-[0m=[1;30m-[0m=[1;30m-[0m=[1;30m-[0m=[1;30m-[0m=[1;30m-[0m=[1;30m-[0m=[1;30m-[0m=[1;30m-[0m=[1;30m-[0m=[1;30m-[0m=[1;30m-[0m=[1;30m-[0m=[1;30m-[0m=[1;30m-[0m=[s
[u[1;30m-[0m=[1;30m-[0m=[1;30m-[0m=[1;30m-[0m=[1;30m-[0m=[1;30m-[0m=[1;30m-[4;1H[7C[37mÜÛ[33mÛÛÛÛÛÜ[6C[37mú[17Cú[5Cú[22Cú[5;1H[7Cß[33mÛÛÛÛÛÛß   [0;32mA dark back alley leads to many differemt types of places..[6;1H[9C[s
[u[1;33mßÛÛß   [37mú [0;32mSome of the activities that take place here are legal, most[7;1H[13C[1;37mú    [0;32mare NOT.[12C[1;37mú[5Cú  [35mú   [37mú[15Cú  [32mú[8;1H[6C[37mú   ú  úú[14Cú[20Cú[6C[35mú[9;1H[8Cú[9C[0m[[1;31mC[s
[u[0m][1;31mriminal Actions[6C[37mú[6C[0m[[1;31mM[0m][1;31militia Commands[5C[37mú[10;1H[10Cú [35mú[5C[0m[[1;31mT[0m][1;31mhe Rogue Guild  [35mú[10Cú[0m[[1;31mS[0m][1;31mteroid Shop   [37mú[7C[35mú[11;1H[30m/[0mÝ[1;30m\[s
[u    [37mú  [35mú    [37mú  [0m[[1;31mP[0m][1;31mikes Drug Palace   [37mú[8C[0m[[1;31mI[0m][1;31mmmigrate out of Kingdom[12;1H[0m\[1;30mÞ/[6C[37mú[8C[0m[[1;31mE[0m][1;31mden's Bordello[14C[0m[[1;31mW[0m][1;31manted Poster[s
[u[35mú[13;1H [0mÝ[11C[1mú[13C[34mú[10C[35mú[10C[37mú[15Cú    ú[14;1H[0mÞ[1;30mÝÝ[27C[37mú[8Cú[15C[35mú[17C[37mú[15;1H[0mÞ[1;30mÝÝ[7C[37mú[7C[0m[[1;33mR[0m][36meturn to Main Street[8C[37m[[1;33mV[0m][36miew your st[s
[uatus[16;1H[37mÞ[1;30mÝÝ[17;1H[0mÞ[1;30mÝÝ[15C[37m®¯®¯®¯®¯®¯®¯®¯®¯®¯®¯®¯®¯®¯®¯®¯®¯®¯®¯®¯®¯®¯®¯®¯®¯®¯®¯®¯®¯®¯®¯[18;1H[0mÞ[1;30mÝÝ[15C[0;36mAlley :[19;1H[37mÞ[1;30mÞÞ[5C[34mú[9C[37m®¯®¯®¯®¯®¯®¯®¯®¯®¯®¯®¯®¯®¯®¯®¯®¯®¯®¯®¯®¯®¯®¯®¯®¯®¯®[s
[u¯®¯®¯®¯®¯[20;1H[0mÞ[1;30mÞÞ[21;1H[0mÞ[1;30mÝÞ[8C[0mß[1;30mßßßßßßßßßßßßßßß   [37mú[13Cú [0mÞ-[1;30mÜÜÞ[37mú[22;1H[0mÞ[1;30mÞÞ[7C[0mÝ[1;30mÝ-ÜÜÜßßßßßßßÜÜÜ-Þ[18C[0mÝ/- [1;30m\Ý[23;1H[0mÞ[1;30mÝ Ý[5C[0mÝ[1;30m--Ýß[11CßÞ-Þ[s
[u[16C[0mÞ[5C[1;30mÞ    [0mÞ[1;30mÞßßßßßßßÞÞ[24;1H[0mÝ[1;30mÝÞÝ[0m__ ÜÝ[1;30m--ÝÜ ____  _____ ÜÞ-ÞÜ ____________[0m/ß[1;30mßßßßßßß\ [0m/Ý[1;30mÝ/[6C\ÝÝ\_______[25;1H[0m[255D