[?7h[40m[2J[0;36m-[1;37m=[0;36m-[1;37m=[0;36m-[1;37m=[0;36m-[1;37m=[0;36m-[1;37m=[0;36m-[1;37m=[0;36m-[1;37m=[0;36m-[1;37m=[0;36m-[1;37m=[0;36m-[1;37m=[0;36m-[1;37m=[0;36m-[1;37m=[0;36m-[1;37m=[0;36m-[1;37m=[0;36m-[s
[u[1;37m=[0;36m-[1;37m=[0;36m-[1;37m=[0;36m-  [37m€≤€€ﬂﬂ  ﬂ€≤€€ﬂﬂ ≤≤±   ≤≤± ∞∞ ±±≤ €ﬂ  ﬂﬂ€€€[2;1H[1;34m [D    [33m [D [D [D [35mBank of Ambroshia [33m [D [D [D    [34m [D  [0m€≤≤€[6C±[28C€≤€[3;1H[36m-[1;37m=[0;36m-[s
[u[1;37m=[0;36m-[1;37m=[0;36m-[1;37m=[0;36m-[1;37m=[0;36m-[1;37m=[0;36m-[1;37m=[0;36m-[1;37m=[0;36m-[1;37m=[0;36m-[1;37m=[0;36m-[1;37m=[0;36m-[1;37m=[0;36m-[1;37m=[0;36m-[1;37m=[0;36m-[1;37m=[0;36m-[1;37m=[0;36m-[1;37m=[s
[u[0;36m-  [37m≤±±[33m€€€€€€€€€€€€€[37mﬂ€ﬂ€[33m€€€€€€€€€€‹[8C[37m≤≤€[4;1H[37C±∞[33m€ﬂ[13C[37mﬂ‹ﬂ[6C[33m∞ €ﬂ[9C[37m±±≤[5;1H[32mAs you enter the bank, [1mGrendal [0;32mthe   [37m∞[33m€€  ∞∞[18C∞ €€[10C[37m±∞≤[6;1H[32mbranch ma[s
[unager greets you. "[1;37mHow can   [0;33m€› ∞[20C∞  €›[9C[37m∞ ±[7;1H[1mI be of service?[0;32m"[21C[33m€€ ∞[21C∞  €[11C[37m∞[8;1H[39C[33m€  ∞∞[6C∞∞[7C∞∞   ∞ ﬂ‹[9;1H[1;31m[[33mW[31m][36mithdraw from Account[17C[0;33mﬂ‹‹‹‹‹[s
[u[1mﬂ[0;33m‹‹[1m‹‹ ﬂ€ ‹‹[0;33m‹[1mﬂ[0;33m‹[1m‹‹ﬂﬂ[0;33m‹‹‹‹‹[10;1H[1;31m[[33mD[31m][36meposit into Account[19C[0;33m≤∞‹ [1mﬂ‹ﬂﬂ ‹ﬂ‹‹ﬂ‹‹ ‹ﬂﬂ ﬂ‹‹ﬂ‹ﬂ‹[0;33m€‹[11;1H[1;31m[[33mT[31m][36mransfer Gold[26C[0;33m±±≤±∞‹ [1mﬂ‹ﬂ‹‹ﬂﬂ ﬂﬂ‹[s
[u‹ﬂﬂ‹ ‹ﬂﬂ‹ﬂ‹[0;33mﬂ€‹[12;1H[1;31m[[33mS[31m][36mtore Gold in Depository[15C[0;33m±≤±≤±ﬁ€€€€€€€€±€±∞ ≤€€€€€∞€€≤€€€[5C[37m∞[13;1H[41C[33m±±±±≤ﬁ€≤€≤€±€€ ≤≤›[37mﬂ‹[33m≤€±€€±€€±€±€[5C[37m∞[14;1H[32mThe line at the bank is annoying...  [s
[u[37m∞   [33mﬂ∞≤≤±ﬁ€≤€≤€±€€∞≤≤›[37m‹ﬂ[33m±€±€€±€€≤€≤€[5C[37m±[15;1H[37C± ∞   [33mﬂ≤±ﬁ€±€±€∞€€±±€±€ ∞€€€€∞€€≤€±€  [37m∞  ≤[16;1H[1;33mInterest Rate: [35m2% Daily[14C[0m≤ ± [1;33m‹ﬂ‹ [0;33mﬂﬁ€€€∞€±€€≤∞€≤€±±€€€€€€€€€∞€ [1m‹[0m∞  ≤
[17;1H[37C€ ≤ ±∞[32C±  €[18;1H[1;33mGold:[32C[0m€€€≤≤±∞ ∞[6C∞∞  ±± ≤€‹  ±[5C∞ ±±≤≤€€€[19;1H[1;33mBank:[20;1H[43C[0mEvil Deed[1;30m: [34m[[31mA[34m][37mttempt Robbery[21;1H[31m[[33mR[31m][36meturn to Street[22;1H[23;1H[37mYour[s
[u Choice:[24;1H[25;1H[0m[255D