[?7h[40m[2J[1;1H[0;36m-[1m=[0;36m-[1m=[0;36m-[1m=[0;36m-[1m=[0;36m-[1m=[0;36m-[1m=[0;36m-[1m=[0;36m-[1m=[0;36m-[1m=[0;36m-[1m=[0;36m-[1m=[0;36m-[1m=[0;36m-[1m=[0;36m-[1m=[0;36m-[1m=[0;36m-[1m=[0;36m-[1m=[0;36m-[1m=[s
[u[0;36m-[1m=[0;36m-[1m=[0;36m-[1m=[0;36m-[1m=[0;36m-[1m=[0;36m-[1m=[0;36m-[1m=[0;36m-[1m=[0;36m-[1m=[0;36m-[1m=[0;36m-[1m=[0;36m-[1m=[0;36m-[1m=[0;36m-[1m=[0;36m-[1m=[0;36m-[1m=[0;36m-[1m=[0;36m-[1m=[0;36m-[1m=[s
[u[0;36m-[1m=[0;36m-[1m=[0;36m-[2;1H[1;34m [D [D [D [D [D [D [D [D [D [D [D [D [D [D [D [D [D [D [D [D [D [D [D [D [D[33m [D [D [D [D [32mT A V E R N  C H A T [33m [D [D [D [D[s
[u[34m [D [D [D [D [D [D [D [D [D [D [D [D [D [D [D [D [D [D [D [D [D [D [D [D[3;1H[0;36m-[1m=[0;36m-[1m=[0;36m-[1m=[0;36m-[1m=[0;36m-[1m=[0;36m-[1m=[0;36m-[1m=[0;36m-[1m=[0;36m-[1m=[s
[u[0;36m-[1m=[0;36m-[1m=[0;36m-[1m=[0;36m-[1m=[0;36m-[1m=[0;36m-[1m=[0;36m-[1m=[0;36m-[1m=[0;36m-[1m=[0;36m-[1m=[0;36m-[1m=[0;36m-[1m=[0;36m-[1m=[0;36m-[1m=[0;36m-[1m=[0;36m-[1m=[0;36m-[1m=[0;36m-[1m=[0;36m-[1m=[s
[u[0;36m-[1m=[0;36m-[1m=[0;36m-[1m=[0;36m-[1m=[0;36m-[1m=[0;36m-[1m=[0;36m-[1m=[0;36m-[1m=[0;36m-[1m=[0;36m-[1m=[0;36m-[1m=[0;36m-[4;1H[5;1H[6;1H[7;1H[8;1H[9;1H[10;1H[11;1H[12;1H[13;1H[14;1H[15;1H[16;1H[17;1H
[18;1H[19;1H[20;1H[21;1H[22;1H[23;1H[0m
