[?7h[40m[2J[1C[0;1;33m-[37m=[33m-[37m=[33m-[37m=[33m-[37m=[33m-[37m=[33m-[37m=[33m-[37m=[33m-[37m=[33m-[37m=[33m-[37m=[33m-[37m=[33m-[37m=[33m-[37m=[33m-[37m=[33m-[37m=[33m-[6C[0;36mВВВллллВллВлВБА [37mммлмм [36mА[s
[uБВлВлВлллВлллВВ[2;1H [1;37m [D[33m [D [D [37mA Holy Place of Worship [33m [D [D[37m [D    [0;36mВлВБВВВВлБВВБВ  [37mмлмммммлм  [36mВБВБлВВБлВлБлл[3;1H [1;33m-[37m=[33m-[37m=[33m-[37m=[33m-[37m=[33m-[37m=[33m-[37m=[s
[u[33m-[37m=[33m-[37m=[33m-[37m=[33m-[37m=[33m-[37m=[33m-[37m=[33m-[37m=[33m-[37m=[33m-[37m=[33m-   [0;36mВВлБАББВБВАБВ [37mмппнВВлллВВоппм [36mБАВББАВБВБллВВ[4;1H[35CВВВААААБАБ [37mммп млнБВВлВВБолм пмм [36mАА ББВАВлВВ[5;1H[s
[u Ambroshia's church is always[6CБВБА А А[37mммп  млплнАБ м БАопллм  пмм [36mААБ БВВВ[6;1H teeming with activity, as monks   ББА  [37mммп  ммпплллн мл[47m  [40mм олллплпмм пмм  [36mАВБВ[7;1H tend to the poor, & comfort the   АБ [37mмп  мллл[s
[uллмлппнВлл[47m [40mллВоллпмпммлллм ппм [36mБВ[8;1H the masses. Sitting in the pews,  А [37mл млоллл лл мнлнБВлллВБолл ллл лл ммлм л [36mБ[9;1H are the peasants of the kingdom.  АА  [37mллоппполл п мнБВлллВБоппоппполл пп мн [36mББ[10;1H[s
[u[35CАА [37mоммопппомм лнмнБпмммпБоппопппомм ллнмн[36mВББ[11;1H [1;35m[[33mD[35m][36monate to Church[16C[0;36mААА[37mоллолллнлл мнлнмп[33mмом[37mпмоллнлллнлл ммнлн[36mВАБ[12;1H [1;35m[[33mG[35m][36mive tides to Peasants[10C[0;36m[s
[uА А[37mоппопппнпп пнпн[33mмлВоВБм[37mоппнпппнпп ппнпн[36mБАБ[13;1H [1;35m[[33mW[35m][36morship the Holy One[12C[0;36mА А[37mоллоллл ллол лн[33mВВлоВБВ[37mолл ллл ллолл лн[36mААБ[14;1H [1;35m[[33mB[35m][36murn a Candle[21C[0;36m[s
[uА[37mоллоппполлоп мн[33mБВ[1;43mХ[0;33mо[1;43mХ[0;33mБВ[37mоппоппполлопп мн[36mА А[15;1H [1;35m[[33mP[35m][36murchase Holy Items[15C[0;36mА[37mоммопппоммолнмн[33mАБВоБББ[37mоппопппоммоллнмн[36mА А[16;1H [1;35m[[32mM[35m][36ma[s
[urriage & Divorce[17C[0;32mммммммммммммм  [1;30;47mппппппп[2C[0;32mмммммм ммммм    [36mА[17;1H [1;35m[[32mC[35m][36murrent Married Couples[10C[0;32mммллллппммлллм [1;30;47mппппппппппп[1C[0;32mмллллппллллллмм[18;1H[36C[1;37m[[33mS[s
[u[37m][30mteal From Church [37m[[33mK[37m][30mill Innocent Peasant[19;1H[20;1H [31m[[32mR[31m][36meturn to Street   [31m[[32mV[31m][36miew your Status[21;1H [37mЎЏЎЏЎЏЎЏЎЏЎЏЎЏЎЏЎЏЎЏЎЏЎЏЎЏЎЏЎЏЎЏЎЏЎЏЎЏЎЏЎЏЎЏЎЏЎЏЎЏЎЏЎЏЎЏЎЏ[22;1H [s
[u[0;36mHoly Church :[23;1H [1;37mЎЏЎЏЎЏЎЏЎЏЎЏЎЏЎЏЎЏЎЏЎЏЎЏЎЏЎЏЎЏЎЏЎЏЎЏЎЏЎЏЎЏЎЏЎЏЎЏЎЏЎЏЎЏЎЏЎЏ[24;1H[25;1H[0m[255D