[?7h[40m[2J[0;1m-[0m=[1m-[0m=[1m-[0m=[1m-[0m=[1m-[0m=[1m-[0m=[1m-[0m=[1m-[0m=[1m-[0m=[1m-[0m=[1m-[0m=[1m-[0m=[1m-[0m=[1m-[0m=[1m-[0m=[1m-[0m=[1m-[0m=[1m-[0m=[1m-[0m=[1m-[19C[30mÜßÜ[2;1H[34m [D [D [D[s
[u [D [D [D [D [D[33m [D [D [D  [35mGuild Center  [33m [D [D [D[34m [D [D [D [D [D [D [D [D [D[12C[33mÜßÜ   [30mŞİ[31;43mİ[30;40mŞİ[7C[0;34mÜßÜ[3;1H[1;37m-[0m=[1m-[0m=[1m-[0m=[1m-[0m=[1m-[s
[u[0m=[1m-[0m=[1m-[0m=[1m-[0m=[1m-[0m=[1m-[0m=[1m-[0m=[1m-[0m=[1m-[0m=[1m-[0m=[1m-[0m=[1m-[0m=[1m-[0m=[1m-[0m=[1m-[0m=[1m-[11C[33mŞİ[31;43mİ[33;40mŞİ  [30mÜİÜŞÜ[6C[0;34mŞİ[1;31;43mİ[0;34mŞ[4;1H[50C[33mÜßÜÛÜ [s
[u[1;30mÛÛÛÛÛÜÛ    [0;34mÜÛÛÜÜßÜ[5;1H[32mThe guild hall allows you to gain abilities[6C[33mŞÛ ÛßŞİ[1;30mÛ ÛÛÛİÛİ  [0;34mŞ°ŞÛ²±ŞÜ±[6;1H[32mas you rise in experience. Training warriors[5C[33mÛ ßßß Û [1;30mŞÛÛÛÛ Û  [0;34m²[33;44mÜ[1C[40m[s
[u[44m[1;30mÜÜÜ[1C[0;34mßÛ[7;1H[32mand wizards fill the room.[23C[1;31mş [0;33m°ÛÜİ [1;31mş [30mÜÜÜÜ Ü  [0;34mßßÜÛÛ²Ü[33mß[34mß[8;1H[50C[33mŞ²Û²²  [1;30mŞ² ±²[6C[0;34m°Û²Û²[9;1H[1;31m[[33mB[31m][0mlack Robed Mage Guild[6C[s
[u[1;31m[[33mA[31m][35mlchemist Labs    [0;33mŞ±Û±²  [1;30mŞ² °±[5C[0;34mŞÛÛ±²²İ[10;1H[1;31m[[33mW[31m][37mhite Robed Mage Guild[6C[31m[[33mM[31m][35monk Monastery    [0;33mŞ°Û°±  [1;30mŞ± °°[5C[0;34mÛÛÛ°±²İ[11;1H[1;31m[[33mP[s
[u[31m][37mublic Magic Guild[30C[0;33mŞ°²°°  [1;30mŞ° °±[5C[0;34mÛ°ßÛ°²İ[12;1H[1;31m[[33mZ[31m][37mProfession Level Up's[6C[31m[[32mS[31m][37mhow Magic Spells  [30mß ß   ßß ßß[7Cß ß[13;1H[51CÜÜÛÛßßßßßßßßßßßÜÜÜÜÜ[14;1H[31m[[33mX[s
[u[31m] [37mChallenge Ambroshia High Lord[11C[30mßßÛÛÛÛÛÜ[14CÜÜÜÜÜÛÛÛÛßßßß[15;1H[10C[36mTitle Held By:[24C[30mß²±°±²[10C°±²²ßß[16;1H[10C[36mHeld Since   :[27C[30mú pick thy master ú[17;1H[18;1H[31m[[33mH[31m][37mall of Ambroshia [s
[uHigh Lords[19;1H[20;1H[31m[[33mR[31m][37meturn to Street[12C[31m[[33mV[31m][37miew your Status[21;1H[22;1H®¯®¯®¯®¯®¯®¯®¯®¯®¯®¯®¯®¯®¯®¯®¯®¯®¯®¯®¯®¯[23;1H[0;36mGuild [32m:[24;1H[1;37m®¯®¯®¯®¯®¯®¯®¯®¯®¯®¯®¯®¯®¯®¯®¯®¯®¯®¯®¯®¯[25;1H[A
[0m[255D