[?7h[40m[2J[0;1;33m-[0;33m=[1m-[0;33m=[1m-[0;33m=[1m-[0;33m=[1m-[0;33m=[1m-[0;33m=[1m-[0;33m=[1m-[0;33m=[1m-[0;33m=[1m-[0;33m=[1m-[0;33m=[1m-[0;33m=[1m-[0;33m=[1m-[0;33m=[1m-[8C[30mİ[0;34m±°ÜÜ[16C[1;30mÛÛ Û[0m± ±± [s
[u±± ²² ÛÛ[2;1H[1;33m [D [0;33m [D [D [D [1mKingdom Courtyard [0;33m [D [D [D [1m [D[7C[30mŞŞ    [0;34mßßşş[13C[1;30m°°°°[0m°±±±±±²²²²²[3;1H[1;33m-[0;33m=[1m-[0;33m=[1m-[0;33m=[1m-[0;33m=[1m-[0;33m=[1m-[0;33m=[s
[u[1m-[0;33m=[1m-[0;33m=[1m-[0;33m=[1m-[0;33m=[1m-[0;33m=[1m-[0;33m=[1m-[0;33m=[1m-[0;33m=[1m-[6C[30mÜ[0mÜÜÜ[16C[34m [D [D [D [D [D [D [D [D [D [D [D [D [D [D [D [D [D [D [D [D [D [D[s
[u [D[4;1H[34C[1;30mÜÜÜÜ[0mÜÜ[17C[1;30mÛÛ°°ÛÛ°[0m°ÛÛ°°ÛÛ°°ÛÛÛ[5;1H[1;36mWith the power of your Kingdom   [30mÜÜÜÜÜÜ[0mÜÜ[18C[1;30m°±²²ú±±[0m°±±²²²²²[6;1H[1;36mat your fingertips...[11C[30mşşşşşşşş[0mşş[17C[1;30m²°±²±±±±[0m°°±²²[s
[u²²[7;1H[34C[1;30m°±Û²[0m±²[19C[1;30m±²°±²²²ú±±[0m°±±±²[8;1H[1;31m[[33mN[31m][37mational Treasury[15C[30m²°ÜÛ²[0m±[19C°[1;30m±²°±±²²²±±[0m°°±±[9;1H[1;31m[[33mD[31m][37miplomacy Relations[13C[30mÛ²°±Ü[0m±[19C°°[1;30m±²°°±±²[s
[u²ú±±±[0m°[10;1H[1;31m[[33mS[31m][37met Kingdom Tax Rates[11C[30m²Û²°±Û[15CÛÛ°°ÛÛ°°ÛÛ°°[0m±±[1;30m°[0m°²²°°ÛÛ°[11;1H[1;31m[[33mM[31m][37more Kingdom Options[12C[30m²²Û²°±[15C[0;34m [D [D [D[1;30m±ÛÛ±±±[0m°±±±±²²²²²²[34m[s
[u [D [D [D[12;1H[1;31m[[33mA[31m][37mquire Land[18C[30mÛ Û°Û°Û²Û[0;30mÛ[1mÛ[0;30mÛ[1mÛ[0;30mÛ[37mÛ[30mÛ[37mÛ ÛÛ[7C[1;30m²²ÛÛÛ²²²[0m°°±±±²²²²[13;1H[1;31m[[33mP[31m][37mromote/Demote Nobles[8C[0;34m [D[1;30m²±²²²²ÛÛ[s
[u[0m°°±²²±±ÛÛÛ[34m [D[6C[1;30m±±ÛÛÜÜÛÛÛÛÛ[0m°°±²²²²²[14;1H[1;31m[[33mK[31m][37mingdom Improvements[10C[30m²²±±²²²ÛÛ[0m°°±±²±±±Û[30mÛ[6C[34m [D[1;30m²±ÛÜÜÛÛÛÛÛÛÛ[0m°±±²²[34m [D[15;1H[1;31m[[33mE[31m][37mspionage/Terrorism[s
[u[11C[30m²²²±±[0mú[1;30m²²[0mú[1;30mÛÛ[0mú°±ú²±±±[6C[30mÛ[1m²²±±±ÛÛÛÜÜÛÛÛ[0m°°±²[16;1H[1;31m[[33mT[31m][37mowers of Sorcery[13C[30mÛÛÛÛÛ²²²²±±±±²²Û[0m°°±[1;30;43mşşşşş[40m±°ÛÛÛÛ ²²²²±±±±²²ÛÛ[0m±²[1;30;43mş[17;1H[31;40m[[33mB[s
[u[31m][37muild Royal Army[12C[30;43mİİŞİŞİŞİŞİŞİŞİŞİŞİŞİŞİŞİŞİŞİŞİŞİŞİŞİŞİŞİŞİŞİŞİŞİŞ[18;1H[31;40m[[33mW[31m][32mar Room[21C[33mThy Royal Courtyard, thy will shall be done ...[19;1H[20;1H[0m[[1;33mR[0m][1meturn to Main Street[21;1H
[22;1H®¯®¯®¯®¯®¯®¯®¯®¯®¯®¯®¯®¯®¯®¯®¯®¯®¯®¯®¯®¯®¯®¯®¯®¯®¯®¯®¯®¯®¯®¯[23;1H[35mKingdom Courtyard [0;32m:[24;1H[1;37m®¯®¯®¯®¯®¯®¯®¯®¯®¯®¯®¯®¯®¯®¯®¯®¯®¯®¯®¯®¯®¯®¯®¯®¯®¯®¯®¯®¯®¯®¯[25;1H[0m[255D