[?7h[40m[2J[1C[0;1;32m▌■■■▌[37mопопопопопопопоп  [33m░▒▓ [0mMain Street Of Ambroshia [1;33m▓▒░  [37mопопопопопопопоп[32m▌■■■▌[2;1H[3;1H[0;33m [D[10C[1;31m[[33mD[31m][36maily Happenings[13C[31m[[33mY[31m][36mour Status & Invent[s
[uory[12C[0;33m [A[79C[4;1H [D[10C[1;31m[[33mG[31m][36muild Actions[16C[31m[[33mV[31m][36misit Level Master[17C[0;33m [A[79C[5;1H [D[10C[1;31m[[33mT[31m][36mavern of Ambroshia[10C[31m[[33mF[31m][36might Monsters Out[s
[uside Castle[6C[0;33m [A[79C[6;1H [D[10C[1;31m[[33mH[31m][36mealers Hut[18C[31m[[33mB[31m][36mank of Ambroshia[18C[0;33m [A[79C[7;1H [D[10C[1;31m[[33mA[31m][36mrmor Shop[19C[31m[[33mC[31m][36mhurch[29C[0;33m[s
[u [A[79C[8;1H [D[10C[1;31m[[33mW[31m][36meapon Shop[18C[31m[[33mE[31m][36mnter the Ambroshia Arena[10C[0;33m [A[79C[9;1H [D[10C[1;31m[[33mM[31m][36merchant Outlets[13C[31m[[33mX[31m] [36mKingdom Rankings[17C[0;33m[s
[u [A[79C[10;1H [D[10C[1;31m[[33mS[31m][36mhady Back Alley[13C[31m[[33mL[31m][36mist Player Rankings[15C[0;33m [A[79C[11;1H [D[10C[37m[[1;31m*[0m] [1;31mSuicide[20C[[33mK[31m][36mingdom Courtyard[18C[0;33m [A[79C
[12;1H [D[10C[1;31m[[33mQ[31m][36muit the Realm[15C[31m[[33mO[31m][0;33mther Places (QUESTS)[14C [A[79C[13;1H [D[78C [A[79C[14;1H [D[10C[1;32mYou stand tall as you part the crowds, and make[21C[0;33m [A[79C[15;1H [D[s
[u[10C[1;32myour way through town...[44C[0;33m [A[79C[16;1H [D[78C [A[79C[17;1H [D[10C[1;34m[[31m.[34m] [35mWho is Online?   [0m- [Global Command][29C[33m [A[79C[18;1H [D[10C[1;34m[[31m=[34m] [35mGlobal Chat Room [s
[u[0m- [Global Command][29C[33m [A[79C[19;1H [D[78C [A[79C[20;1H [D[10C[1;36mпопопопопопопоопопопопопопопопопопопопопопопопопопопопопопоп[8C[0;33m [A[79C[21;1H [D[10C[36mMain Street [32m:[55C[33m [A[79C[22;1H [D[s
[u[10C[1;36mпопопопопопопоопопопопопопопопопопопопопопопопопопопопопопоп[8C[0;33m [A[79C[23;1H[24;1H [1;32m▌■■■▌[37mопопопопопопопоп  [33m░▒▓ [0mMain Street Of Ambroshia [1;33m▓▒░  [37mопопопопопопопоп[32m▌■■■▌[25;1H[0m[255D