[?7h[40m[2J[0;1m-[0m=[1m-[0m=[1m-[0m=[1m-[0m=[1m-[0m=[1m-[0m=[1m-[0m=[1m-[0m=[1m-[0m=[1m-[0m=[1m-[0m=[1m-[0m=[1m-[0m=[1m-[0m=[1m-[0m=[1m-[0m=[1m-[0m=[1m-[0m=[1m-[0m=[1m-[2;1H[34m [D [D [D [D [D [D[s
[u    [0;32mThy Merchant Outlet    [1;34m [D [D [D [D [D [D[8C[0;32;42mßß[1mÜ[0;32;42mß[1mÜ[0;32;42mßßßßßßßßßßßßßßßßßß[1mÜ[0;32;42mß[1mÜ[0;32;42mß[40mÛ[30mßßßß[3;1H[1;37m-[0m=[1m-[0m=[1m-[0m=[1m-[0m=[1m-[0m=[1m-[s
[u[0m=[1m-[0m=[1m-[0m=[1m-[0m=[1m-[0m=[1m-[0m=[1m-[0m=[1m-[0m=[1m-[0m=[1m-[0m=[1m-[0m=[1m-[0m=[1m-[0m=[1m-[0m=[1m-[8C[0;32;42mß[1mß[0;32mß[1mÜ[0;32mß[1mßßß[42mÜ[40mßßßß[0;30mß[1;32mßßßßÜßÜßß[42mÜ[40mßß[s
[u[42mÛ[0;32mÛ[30mßßßß[4;1H[47C[32;42mß[1mß[0;30;42mß[1C[32;40mÛ[42mß[1mÜ[0;32;42mß[1mÜ[0;32;42mßßßßßßßßßßßßßßßßßß[1mÜ[0;32;42mß[1mÜ[0;32;42mß[40mÛ[5;1H[33mThe Merchant Outlet allows people to[11C[32;42mß[1mÜß[0;32mİÛ[s
[u[1;42mß[0;32mß[1mÜ[0;32mß[1;42mßÛ[40mÜ[0;32mß[1mÜßÜß[0;30mß[1;32mßÜÜßÜ[42mÛ[40mÜ[42mÛß[0;32mß[1mÜ[0;32mß[1;42mß[0;32mÛ[6;1H[33mpurchase investments and add to their[10C[32;42mß[1mÜ[0;32mßİÛ[1;42mß[0;30;42mß[1;32;40mß[s
[u[0;30;42mß[1;32mÜÛÛ[40mß[42mÛÛ[0;30mß[32mÜ[1mÛÜ[0;30mß[1;32;42mÛÛÜ[40mßÛ[42mÜÜ[0;30;42mß[1;32;40mß[0;30;42mß[32mß[40mÛ[7;1H[33mwealth. The Merchant Goblens are standing[6C[32;42mß[1mÜ[0;30;42mß[32;40mİÛ[1;42mÜß[0;32;42m[40m[s
[u[42mß[1;40mß[42mÛÛ[40mÜ[0;32mß[1mÜ[42mÛ[1C[0;32mÛ[1mÛ[0;32mİ[1;30mÜ[47mßßßßßß[40mÜ[32mß[0;32;42mß[1mßÜ[0;32mÛ[8;1H[33mready to take your order ...[19C[32mßßßßÛ[1;42mÜ[0;32mß[1mÜß[42mÛÛÛÛÛÛ[0;30mß[32mßÛß[1;37mß[47mÜ[40m[s
[u[47mÜ[30mÜÜÜÜ[40mß[0;30mß[1;32mÜ[0;32mß[1;42mÜ[0;32mÛ[9;1H[47C[30mßßßß[32mÛ[1;42mÜ[0;30;42mß[1;32;40mß[0;30;42mß[1;32mÛ[0;30;42mßßß[1;32mßßß[0;30;42mßßß[1;37;40mß[30;47mß[0;30;47mß[1;40mÜÜÜÜß[0;30mß[1;32mß[0;30;42mß[40m[s
[u[42m[1;32mÜ[0;32mÛ[10;1H[1;31m[[33mH[31m][37mousing Developments[6C[30m[[31mS[30m][0;36mmuggling wares[5C[30mß[32mßßßßßßßßßßßßßßß[37mß[1;30;47mß[0;30;47mß[1;40mÜÜÜÜß[0;30mß[32mßßßß[11;1H[1;31m[[33mW[31m][37mater Tower Silo[s
[us[9C[30m[[31mD[30m][0;36mrug trade market[7C[30mß[1mÜÜÜÜÜ[0;30mß    ß[37mß[1;30;47mß[40mÜÜÜÜÜß  [0;30mßßß[12;1H[1;31m[[33mO[31m][37mre Mines[17C[30m[[31mF[30m][0;36mlesh trade[9C[30mßßßß[1mß[37;47mß[30mÜÜÜÜ[0mß[30mßß[s
[u[1mÜÜÜÜÜ[0;30mßßßßßßßßßßß[13;1H[1;31m[[33mG[31m][37mranary Storage Silos[24C[0;30mßßßßßßßß ßßßßßß[1mß[37;47mß[30mÜÜÜÜ[0mß[30mßßßßßßßßßß[14;1H[47Cßßßßßßßßßß[1mÜ[37;47mÜ[30mßßßß[0mÜ[30mßßßßßßßßßßßßßßß[15;1H[1;31m[[33mR[31m][s
[u[37meturn to Street[29C[0;30mßßßßßßßßßß [1mßßßßß[0;30mßßßßßßßßßßßßßßßß[16;1H[47Cßßßßßßßßßßßßßßßßßßßßßßßßßßßßßßßß[17;1H[1;37m®¯®¯®¯®¯®¯®¯®¯®¯®¯®¯®¯®¯®¯®¯®¯®¯®¯®¯®¯®¯®¯®¯®¯®¯®¯®¯®¯®¯®¯®¯[18;1H[0;36mMerchant Outlets [32m:[19;1H[1;37m®¯®¯®[s
[u¯®¯®¯®¯®¯®¯®¯®¯®¯®¯®¯®¯®¯®¯®¯®¯®¯®¯®¯®¯®¯®¯®¯®¯®¯®¯®¯®¯[20;1H[21;1H[22;1H[23;1H[24;1H[25;1H[0m[255D