[?7h[40m[2J[0;1;33m-[0;33m=[1m-[0;33m=[1m-[0;33m=[1m-[0;33m=[1m-[0;33m=[1m-[0;33m=[1m-[0;33m=[1m-[0;33m=[1m-[0;33m=[1m-[0;33m=[1m-[0;33m=[1m-[0;33m=[1m-[0;33m=[1m-[0;33m=[1m-[0;33m=[1m-[0;33m=[1m-[0;33m=[1m-[0;33m[s
[u=[1m-[0;33m=[1m-[0;33m=[1m-[0;33m=[1m-[0;33m=[1m-[0;33m=[1m-[0;33m=[1m-[0;33m=[1m-[11C[30mÝ[0;34m±°ÜÜ[2;1H[1;33m [D[10C [D [0;33m [D [D [D [1mKingdom Courtyard [0;33m [D [D [D [1m [D[10C [D[10C[30mÞÞ  [s
[u  [0;34mßßþþ[3;1H[1;33m-[0;33m=[1m-[0;33m=[1m-[0;33m=[1m-[0;33m=[1m-[0;33m=[1m-[0;33m=[1m-[0;33m=[1m-[0;33m=[1m-[0;33m=[1m-[0;33m=[1m-[0;33m=[1m-[0;33m=[1m-[0;33m=[1m-[0;33m=[1m-[0;33m=[1m-[0;33m=[1m-[0;33m=[1m-[s
[u[0;33m=[1m-[0;33m=[1m-[0;33m=[1m-[0;33m=[1m-[0;33m=[1m-[0;33m=[1m-[0;33m=[1m-[0;33m=[1m-[9C[30mÜ[0mÜÜÜ[4;1H[1;36mThy royal courtyard, aligned with beautiful flowers[8C[30mÜÜÜÜ[0mÜÜ[5;1H[1;36mteaming with activity as your ro[s
[uyal servants and[10C[30mÜÜÜÜÜÜ[0mÜÜ[6;1H[1;36mpeasents scurry in your presence. With the power of[6C[30mþþþþþþþþ[0mþþ[7;1H[1;36mthe Kingdom at your fingertips, you set out to[13C[30m°±Û²[0m±²[8;1H[1;36mfulfill your duties ...[36C[s
[u[30m²°ÜÛ²[0m±[9;1H[59C[1;30mÛ²°±Ü[0m±[10;1H[1;31m[[33mN[31m][37mational Treasury[7C[31m[[33mE[31m][37mspionage/Terorism[13C[30m²Û²°±Û[11;1H[31m[[33mT[31m][37mowers of Sorcery[7C[31m[[33mB[31m][37muild Royal Army[15C[30m[s
[u²²Û²°±[12;1H[56CÛ Û°Û°Û²Û[0;30mÛ[1mÛ[0;30mÛ[1mÛ[0;30mÛ[37mÛ[30mÛ[37mÛ ÛÛ[13;1H[1;35mThese are the only available options to a Noble..[7C[0;34m [D[1;30m²±²²²²ÛÛ[0m°°±²²±±ÛÛÛ[34m [D[14;1H[57C[1;30m²²±±²²²ÛÛ[0m°°±±²±±±Û[30mÛ
[15;1H[37m[[1;33mR[0m][1meturn to Street[39C[30m²²²±±[0mú[1;30m²²[0mú[1;30mÛÛ[0mú°±ú²±±±[16;1H[57C[1;30mÛÛÛÛÛ²²²²±±±±²²Û[0m°°±[1;30;43mþþþ[17;1HÝÝÝÝÝÝÝÝÝÝÞÝÞÝÞÝÞÝÞÝÞÝÞÝÞÞÝÞÝÞÝÞÝÞÝÞÞÝÞÝÞÞÝÞÝÞÝÞÝÞÝÞÝÝÞÝÞÞÝÞÝÞÝÞÝÞÝÞÝÞÝÞÝÞÝÞÝÞÝ[40m
[18;1H[19;1H[37m®¯®¯®¯®¯®¯®¯®¯®¯®¯®¯®¯®¯®¯®¯®¯®¯®¯®¯®¯®¯®¯®¯®¯®¯®¯®¯®¯®¯®¯®¯[20;1H[0;36mKingdom :[21;1H[1;37m®¯®¯®¯®¯®¯®¯®¯®¯®¯®¯®¯®¯®¯®¯®¯®¯®¯®¯®¯®¯®¯®¯®¯®¯®¯®¯®¯®¯®¯®¯[22;1H[23;1H[24;1H[25;1H[0m[255D