[?7h[40m[2J[1C[0;1;32m▌■■■▌[37mопопопопопопопопопопопоп  [33m░▒▓ [0mQ U E S T [1;33m▓▒░  [37mоопопопопопопопопопопоп[32m▌■■■▌[2;1H[0;34m▄▄▄▄▄▄▄▄▄▄▄▄▄▄▄▄▄▄▄▄▄▄▄▄▄▄▄▄▄▄▄▄▄▄▄▄▄▄▄▄▄▄▄▄▄▄▄▄▄▄▄▄▄▄▄▄▄▄▄▄▄▄▄▄▄▄▄▄▄▄▄▄▄▄▄▄▄▄▄▄[3;1H[1m▀▀▀▀▀▀▀▀▀▀▀▀▀[s
[u▀▀▀▀▀▀▀▀▀▀▀▀▀▀▀▀▀▀▀▀▀▀▀▀▀▀▀▀▀▀▀▀▀▀▀▀▀▀▀▀▀▀▀▀▀▀▀▀▀▀▀▀▀▀▀▀▀▀▀▀▀▀▀▀▀▀▀[4;1H[5;1H[6;1H[7;1H[8;1H[9;1H[10;1H[11;1H[12;1H[13;1H[14;1H[15;1H[32C[33m<< Press Space >>[16;1H[0;34m▄▄▄▄▄▄▄▄▄▄▄▄▄▄▄▄▄▄▄▄▄▄▄▄▄▄▄▄▄▄▄▄▄▄▄▄▄▄▄▄▄▄▄▄▄▄▄▄▄▄▄▄▄▄▄▄▄▄▄▄▄▄▄[s
[u▄▄▄▄▄▄▄▄▄▄▄▄▄▄▄▄▄[17;1H[1m▀▀▀▀▀▀▀▀▀▀▀▀▀▀▀▀▀▀▀▀▀▀▀▀▀▀▀▀▀▀▀▀▀▀▀▀▀▀▀▀▀▀▀▀▀▀▀▀▀▀▀▀▀▀▀▀▀▀▀▀▀▀▀▀▀▀▀▀▀▀▀▀▀▀▀▀▀▀▀▀[18;1H[0m [D[78C [A[79C[19;1H [D    [1mQuest Name:[63C[0m [A[79C[20;1H [D[78C [A[79C[21;1H [D    [1mDays on Quest[s
[u:[60C[0m [A[79C[22;1H [D[78C [A[79C[23;1H [D[78C [A[79C[24;1H [1;32m▌■■■▌[37mопопопопопопопопопопопоп  [33m░▒▓ [0mQ U E S T [1;33m▓▒░  [37mопопопопопопопопопопооп[32m▌■■■▌[25;1H[0m[255D