[?7h[40m[2J[0;33m€€ﬂﬂﬂﬂﬂﬂ ﬂﬂ ﬂ ﬂﬂﬂﬂﬂﬂﬂﬂﬂﬂﬂﬂﬂﬂﬂﬂﬂﬂ ﬂﬂﬂﬂﬂﬂﬂﬂﬂﬂﬂﬂﬂﬂ ﬁﬂﬂﬂﬂﬂﬂﬂﬂ›ﬂﬂﬂﬂﬂﬂﬂﬂﬂﬂﬂﬂﬂﬂ›ﬁﬂﬂﬂﬂﬁ[2;1H€   -[36m=[33m-[36m=[33m-[36m=[33m-[36m=[33m-[36m=[33m-[36m=[33m-[36m=[33m-[36m=[33m-[36m=[33m-[36m=[33m-[36m=[33m-[36m=[s
[u[33m-[36m=[33m-[36m=[33m-[36m=[33m-[36m=[33m-[11Cﬁ[8C›[14C›ﬁ    ﬁ[3;1Hﬂ   [1;34m [D   [36m [D [D [33mTavern Of Ambroshia [36m [D [D   [34m [D[11C[0;33mﬁ[8C›[14C›ﬁ    ﬁ[4;1Hﬂ   -[36m=[33m-[36m=[33m-[36m=[33m-[s
[u[36m=[33m-[36m=[33m-[36m=[33m-[36m=[33m-[36m=[33m-[36m=[33m-[36m=[33m-[36m=[33m-[36m=[33m-[36m=[33m-[36m=[33m-[36m=[33m-[36m=[33m-[11Cﬁ   [37mﬂﬂ    [33m‹‹ﬂﬂﬂﬂ‹‹[6C›ﬁ    ﬁ[5;1H€[47Cﬁ  [37mﬁ€€›  [33m›[1;31m‹‹[0;33mﬂ[s
[u‹‹[43m±[1C[40mﬂ€‹    ›ﬁ [34mﬁ› [33mﬁ[6;1H€  [1;31m[[33mC[31m][37mhat w/Patrons    [31m[[33mP[31m][37most Msg in Daily News [0;33mﬁ [37mﬁ€[1;47m›[0m€€›[33m€[1;31mﬁ[41m±±[40m€ﬂ [0;33;43m≤±∞[40m∞≤€   ›ﬁ [34mﬁ› [33mﬁ[7;1H€  [s
[u[1;31m[[33mT[31m][37malk w/Bartender  [31m[[33mW[31m][37mrite a Message[8C[0;33mﬁ [37mﬁ€[1;47m›[0m€€›[33mﬁ [1;31m‹›‹‹  [0;33mﬂ[43m≤± [40m∞›  ›ﬁ [1;37;44mﬁ [1C[0;33mﬁ[8;1H   [1;31m[[33mG[31m][37mamble w/ Old Man [31m[[33mA[s
[u[31m][37msk for a Room[9C[0;33mﬁ [37mﬁ€[1;47m›[0m€€› [33m›[1;31mﬁ[41m±≤[40mﬂ ‹[0;33mﬂ‹[43m±[1C[40m±∞  ›ﬁ [1;37;44mﬁ [1C[0;33mﬁ[9;1Hﬂ[47Cﬁ ﬂﬂﬂﬂﬂﬂ › [1;31mﬂ[41m≤[40m€ﬂ [0;33m‹[43m±± [1C[40m∞‹ ›ﬁ [1;37;44mﬁ [1C[0;33mﬁ
[10;1H€[7C[1;32m [D [D [31m[[33mS[31m][35mend Romantic Message [32m [D [D[11C[0;33mﬁ[9C[43m›[40m‹  [1;31m‹ ‹[0;33mﬂ[43m±[1C[40m∞∞€ ›ﬁﬂﬂﬂﬂﬁ[11;1H€[47Cﬁ[7C‹ [43m∞[1C[1;31;40m‹[41m±≤≤[40m€[0;33mﬁ≤± ﬂ€‹›ﬁ    ﬁ[12;1H€  [s
[u[1;31m[[33mR[31m][37meturn to Street[5C[31m[[33mV[31m][37miew your Status    [0;33mﬁ   ˛˛   ﬂ[1;35m‹[45m€‹[31;41m±[40m€[35;45m‹‹[0;33mﬂﬂ‹‹ﬂ[1;35;45m€[1C[40m€›    [0;33mﬁ[13;1H€[47Cﬁ   ﬁ›   [1;35;45mﬁ≤±∞[40m‹€[45m±∞ [40m[s
[u[40m€‹‹€ €ﬂ€›   [0;33mﬁ[14;1H€  [1;37mYour Choice:[33C[0;33mﬁ  ﬁ[1;37;43m›[0;33mﬁ›  ﬁ[1;35mﬂ[45m±[40mﬂ‹[45m [40m‹ﬂﬂﬂ[0;35m€ﬂ   [1m€€€›  [0;33mﬁ[15;1H€[47Cﬁ [1;31m˛[0;33mﬁ[1;37;43m›[0;33mﬁ›[1;35mﬂ‹€[0;35m‹ [1;37mﬁ [36m›[31m[s
[u‹[0;35mﬂ [1mﬂ‹‹‹€[0;35m‹ [1m‹€€‹ [0;33mﬁ[16;1Hﬂﬂﬂﬂﬂﬂﬂﬂﬂﬂﬂﬂﬂﬂﬂﬂﬂﬂﬂﬂﬂﬂﬂﬂ ﬂﬂ  ﬂﬂ ﬂﬂﬂﬂﬂﬂ ﬂﬂﬂﬂﬂﬂﬂﬂﬂ [1;31mﬂ˛[0;33mﬁ[1;37;43m›[0;33m€›[1;35m‹ﬂ[0;35m€€ [1;37mﬁ[36m‹›[0;35m‹[1;31mﬂﬂ‹ [35mﬂ€€€€ﬂﬂ [0;33mﬂﬂﬂ[17;1H≤±∞±≤≤±∞≤ ≤±≤±∞ ∞±≤ ±≤ﬂ≤ ≤±±[s
[u ≤± ‹ ≤ [1;30mﬂﬂ ﬂﬂﬂﬂﬂﬂﬂﬂﬂﬂﬂﬂﬂﬂﬂﬂﬂﬂﬂﬂﬂﬂﬂﬂﬂﬂﬂﬂﬂﬂﬂﬂﬂﬂﬂﬂﬂﬂﬂﬂ[18;1H[0;33m± [32mThe tavern hosts a variety of customers .. They tend to only converse with [1;30m∞[0;33m≤[19;1H ∞[32mtheir own kind, but if you get them drunk enough you could get so[s
[ume info! [1;30m∞[0;33m≤≤[20;1H[21;1H[22;1H[23;1H[24;1H[25;1H[0m[255D