[?7h[40m[2J[3C[0;1;33mÜÛÜ[2;1H[0;35mÛßß [1;33;45mß[40mİ [0;35mßßßßßßßßßßßßßßßßßßßßß ßßßßß  ßßßßßßßßßß   ßß ßß  ßßßß    ßß[5CßßßßßßßÛ[3;1HÛ  [1;33mŞİ[35;45m°[0;35mÜ[7C[37m-[1m=[0m-[1m=[0m-[1m=[0m-[1m=[0m-[1m=[0m-[1m=[0m-[1m[s
[u=[0m-[1m=[0m-[1m=[0m-[1m=[0m-[1m=[0m-[1m=[0m-[1m=[0m-[1m=[0m-[1m=[0m-[1m=[0m-[1m=[0m-[1m=[0m-[1m=[0m-[1m=[0m-[1m=[0m-[1m=[0m-[1m=[0m-[1m=[0m-[1m=[0m-[1m=[0m-[1m=[0m-[1m=[0m-[1m=[0m-[5C[35mÛ[4;1H[1;33m[s
[uÜßÛÜÜ[45mÜ[35m°[33;40mßÜ[5C [D [D   [31mAzrŒal[0m, [36mÅhe Weapon craftsman [37m(finest in the land)   [1;33m [D [D[5C[0;35mŞ[5;1H[1;33mßß [0mÜ[1;30mÜÜ[35;45m°[0;35mŞ[1;33mß[5C[0m-[1m=[0m-[1m=[0m-[1m=[0m-[1m=[0m-[s
[u[1m=[0m-[1m=[0m-[1m=[0m-[1m=[0m-[1m=[0m-[1m=[0m-[1m=[0m-[1m=[0m-[1m=[0m-[1m=[0m-[1m=[0m-[1m=[0m-[1m=[0m-[1m=[0m-[1m=[0m-[1m=[0m-[1m=[0m-[1m=[0m-[1m=[0m-[1m=[0m-[1m=[0m-[1m=[0m-[1m=[0m-[1m=[0m-[1m=[0m[s
[u-[5C[35mŞ[6;1HÛ  [37mÛ[1;30;47mŞ[40mÛ[35;45m°[0;35mİÜ    [32mYou push open the curtin to open the stone built weapon shop.[7;1H[35mÛ  [37mÛ[1;30;47mŞ[40mÛ [35;45m°[1C±[3C[32;40mAzrŒal[0;32m, looks older than he really is.. The yea[s
[urs of hard work[8;1H[35mİ  [37mÛ[1;30;47mŞŞ[1C[35;45m±[1C²[3C[0;32mbuilding weapons has taken it's toll.[9;1H[35mİ  [37mÛ[1;30;47mŞŞ[1C[0;35mß[1;45m°[1C°[10;1H[0;35mİ  [1;37;47mİ[30mŞŞ[1C[0;35mÜß[1;45m°[3C[31;40m[[33mL[s
[u[31m][37mist Weapons for Sale[11;1H[0;35mİ  [47m [1;30mŞ[0mÛ   [1;35;45m°[3C[31;40m[[33mS[31m][37mell Current Weapons[12;1H[0;35mİ  [1;37;47mİ[30mŞ[0mÛ[35mÜÜß[13;1Hİ  [47m [1;30mŞ[45mÜ[7C[31;40m[[33mR[31m][37meturn to Str[s
[ueet[15C[31m[[33mV[31m][37miew your status[14;1H[0;35mİ  [1;37;47mİ[30mŞŞ[15;1H[0;35mİ  [1;37;47mİ[30mŞ[0mÛ[7CSome of the weapons still have blood from battles past ...[16;1H[35mİ  [1;37;47mÛ [0mÛ[17;1H[35mİ  [1;37;47mÛİ[40m[s
[u[0mÛ[7C[1;33mGold:[18;1H[0;35mİ  [1;37mŞ[47mİ[0mİ[7C[1m®¯®¯®¯®¯®¯®¯®¯®¯®¯®¯®¯®¯®¯®¯®¯®¯®¯®¯®¯®¯®¯®¯®¯®¯®¯®¯®¯®¯®¯®¯[19;1H[0;35mİ   [1;37;47mÛ[8C[0;36mWeapon Shop :[20;1H[35mÛÜ  [37mş[8C[1m®¯®¯®¯®¯®¯®¯®¯®¯®¯®¯®¯®¯®¯®¯®¯®¯®¯®¯®¯®¯®[s
[u¯®¯®¯®¯®¯®¯®¯®¯®¯®¯[21;1H[22;1H[23;1H[24;1H[25;1H[0m[255D