[?7h[40m[2J[0;1;30mБ[0;31mВВВлмАлмАллм ппппппп  п  пп п  ппппп   п  пп п пп пллмлп   ллпмл  лпВпА  Бп В
[1;30mА [0;31mБл  [1;30mБ ВВп[60C[31;41mА[5C[0;31mБ[1;30mАА[3;1H[0;31mБА [1;30mАААА[63C[31;41mоБА[0;31mм  [1;30mАА А[4;1H[0;31mАБА[1;30mАА[12C[0;31mллл    лллл  лллл  ллл    лл   лл  л  л  ллл[9Cп[1;41mп[0;31mп   [1;30mВААА[5;1H[0;31mАА[15C[30;41mА[2CА[3CА[2CА[2CА[2CА[2CА[2CА[3CА[1CА[1CА[1CА[2CА[2CА[2CА[2CА[15C[1;40mА
[0;31mБ  [1;30mммммммм[6CЭ[0;30;41mВ[1;40mЭФ[0;30;41mВВ[1;40mЭФ[0;30;41mВ[1;40mЭФ[0;30;41mВ[1;40mЭФ[0;30;41mВ[1;40mЭФ[0;30;41mВ[1;40mЭФ[0;30;41mВВВ[1;40mЭЭФФ[0;30;41mВ[1;40mЭФ[0;30;41mВ[1;40mЭФ[0;30;41mВ[1;40mЭФ[0;30;41mВ[1;40mЭФ[0;30;41mВ[1;40mЭФ[0;30;41mВ[1;40mЭФ[0;30;41mВВ[1;40mФ[6Cммммммм А
 млллллллллм[5C[0;30;41mБ[2CБ[3CБ[2CБ[2CБ[2CБ[2CБ[2CБ[3CБ[5CБ[2CБ[2CБ[2CБ[2CБ[6C[1;40mмлллллллллм
олллллллллллн    [0;31mллл    лллл  лллл  л   л  л[5Cл  лллл  ллл[6C[1;30mолллллллллллн[9;1Hо [31mў [30mплллп [31mў [30mн[54Cо [31mў [30mплллп [31mў [30mн[10;1H пммпл лпммп[56Cпммпл лпммп
[0;31mВ   [1;30mлплпл[5CеЭЭЭЭЭЭЭЭЭЭЭЭЭЭЭЭЭЭЭЭЭЭЭЭЭЭЭЭЭЭЭЭЭЭЭЭЭЭЭЭЭЭЭЭЭЭЭЭЭИ[6Cлплпл
[0;31mБ   [1;30mн   о[5CГ[0;30;41mT H E   L A N D   O F   T H E   F O R G O T T E N[1;40mГ[6Cн   о   А[13;1H[0;31mА[1;30mА  омлмн[5CдЭЭЭЭЭЭЭЭЭЭЭЭЭЭЭЭЭЭЭЭЭЭЭЭЭЭЭЭЭЭЭЭЭЭЭЭЭЭЭЭЭЭЭЭЭЭЭЭЭО[6Cомлмн  АВ[14;1H[0;31mБ [1;30mА[74CАА
[0;31mВ [1;30mАА  лмлппмл л[50Cмлллпм АБмАААА[0;31mм[16;1H [1;30mАА АА[0;31mплВпплм  [1;30mпБмм [0;31mмм   м[1;30mмммм м  [0;31mмм [1;30mм мм мм    [0;31mммммм    млл  п[1;30mА[0;31mпллпА БВмлл  [1;30mАА[0m
